// Jest Snapshot v1, https://goo.gl/fbAQLP

exports[`<BreadCrumb /> component should match the snapshot 1`] = `
<DocumentFragment>
  <div
    class="container dn db-ns pv3"
  >
    <a
      class="link"
    >
      <div
        size="26"
      >
        Icon Home
      </div>
    </a>
    <span
      class="arrow ph2 c-muted-2"
    >
      <div
        orientation="right"
        size="8"
      >
        Icon Caret
      </div>
      <a
        class="link"
      >
        Eletr√¥nicos
      </a>
    </span>
    <span
      class="arrow ph2 c-muted-2"
    >
      <div
        orientation="right"
        size="8"
      >
        Icon Caret
      </div>
      <a
        class="link"
      >
        Smartphones :)
      </a>
    </span>
    <span
      class="arrow ph2 c-muted-2"
    >
      <div
        orientation="right"
        size="8"
      >
        Icon Caret
      </div>
    </span>
    <span
      class="term ph2 c-on-base"
    >
      term
    </span>
  </div>
</DocumentFragment>
`;
